// Jest Snapshot v1, https://goo.gl/fbAQLP

exports[`<TextInputComp /> snapshot 1`] = `
<View
  style={{}}
>
  <View
    style={{}}
  >
    <View
      style={
        [
          {
            "backgroundColor": "rgba(231, 224, 236, 1)",
            "borderTopLeftRadius": 4,
            "borderTopRightRadius": 4,
          },
          {},
        ]
      }
    >
      <View
        collapsable={false}
        style={
          {
            "backgroundColor": "rgba(28, 27, 31, 1)",
            "bottom": 0,
            "height": 1,
            "left": 0,
            "position": "absolute",
            "right": 0,
            "transform": [
              {
                "scaleY": 0.5,
              },
            ],
            "zIndex": 1,
          }
        }
        testID="text-input-underline"
      />
      <View
        style={
          [
            {
              "paddingBottom": 0,
              "paddingTop": 0,
            },
            {
              "minHeight": 56,
            },
          ]
        }
      >
        <TextInput
          cursorColor="#40916C"
          editable={true}
          maxFontSizeMultiplier={1.5}
          multiline={false}
          onBlur={[Function]}
          onChangeText={[Function]}
          onFocus={[Function]}
          placeholderTextColor="rgba(73, 69, 79, 1)"
          selectionColor="#40916C"
          style={
            [
              {
                "margin": 0,
              },
              {
                "height": 56,
              },
              {
                "paddingBottom": 0,
                "paddingTop": 0,
              },
              {
                "color": "rgba(73, 69, 79, 1)",
                "fontFamily": "System",
                "fontSize": 16,
                "fontWeight": undefined,
                "letterSpacing": 0.15,
                "lineHeight": 19.2,
                "minWidth": 65,
                "paddingLeft": 16,
                "paddingRight": 16,
                "textAlign": "left",
                "textAlignVertical": "center",
              },
              false,
              [
                {},
              ],
              undefined,
            ]
          }
          testID="textInputComp"
          underlineColorAndroid="transparent"
        />
      </View>
    </View>
  </View>
</View>
`;
